tests/hooks_example_three/test_hooks_three.py::test_failed_two_three
tests/hooks_example_three/test_hooks_three.py::test_failed_two_three
tests/hooks_example_three/test_hooks_three.py::test_failed_two_three
tests/hooks_example_three/test_hooks_three.py::test_failed_two_three
tests/hooks_example_three/test_hooks_three.py::test_failed_two_three
tests/hooks_example_three/test_hooks_three.py::test_failed_two_three
